###############################################################################
#
# IAR ELF Linker V8.22.2.15995/W32 for ARM                11/May/2018  15:41:44
# Copyright 2007-2018 IAR Systems AB.
#
#    Output file  =  
#        C:\Users\thaol\capstoneLVAD2\capstoneLVAD\PulseSensor\pulseSensor_IAR\Debug\Exe\lab1.out
#    Map file     =  
#        C:\Users\thaol\capstoneLVAD2\capstoneLVAD\PulseSensor\pulseSensor_IAR\Debug\List\lab1.map
#    Command line =  
#        -f C:\Users\thaol\AppData\Local\Temp\EW5A8.tmp
#        (C:\Users\thaol\capstoneLVAD2\capstoneLVAD\PulseSensor\pulseSensor_IAR\Debug\Obj\cstartup_M.o
#        C:\Users\thaol\capstoneLVAD2\capstoneLVAD\PulseSensor\pulseSensor_IAR\Debug\Obj\main.o
#        C:\Users\thaol\capstoneLVAD2\capstoneLVAD\PulseSensor\pulseSensor_IAR\Debug\Obj\pulseSensor.o
#        C:\Users\thaol\capstoneLVAD2\capstoneLVAD\PulseSensor\pulseSensor_IAR\Debug\Obj\timer.o
#        -o
#        C:\Users\thaol\capstoneLVAD2\capstoneLVAD\PulseSensor\pulseSensor_IAR\Debug\Exe\lab1.out
#        --redirect _Printf=_PrintfFullNoMb --redirect _Scanf=_ScanfFullNoMb
#        --map
#        C:\Users\thaol\capstoneLVAD2\capstoneLVAD\PulseSensor\pulseSensor_IAR\Debug\List\lab1.map
#        --config "C:\Program Files (x86)\IAR Systems\Embedded Workbench
#        8.0\arm\config\linker\TexasInstruments\TM4C123GH6.icf" --semihosting
#        --entry __iar_program_start --vfe --text_out locale)
#
###############################################################################

*******************************************************************************
*** RUNTIME MODEL ATTRIBUTES
***

CppFlavor       = *
__SystemLibrary = DLib
__dlib_version  = 6


*******************************************************************************
*** HEAP SELECTION
***

The basic heap was selected because some modules are built with
size limitations (and not runtime checking), and --advanced_heap
was not specified.


*******************************************************************************
*** PLACEMENT SUMMARY
***

"A0":  place at 0x00000000 { ro section .intvec };
"P1":  place in [from 0x00000000 to 0x0003ffff] { ro };
define block CSTACK with size = 4K, alignment = 8 { };
define block HEAP with size = 8K, alignment = 8 { };
"P2":  place in [from 0x20000000 to 0x20007fff] {
          rw, block CSTACK, block HEAP };
initialize by copy { rw };

  Section            Kind        Address    Size  Object
  -------            ----        -------    ----  ------
"A0":                                       0xbc
  .intvec            const    0x00000000    0xbc  cstartup_M.o [1]
                            - 0x000000bc    0xbc

"P1":                                     0x2180
  .text              ro code  0x000000bc   0xe22  xprintffull_nomb.o [3]
  .text              ro code  0x00000ede     0x2  cstartup_M.o [1]
  .text              ro code  0x00000ee0    0x16  strchr.o [5]
  .text              ro code  0x00000ef6     0x2  cstartup_M.o [1]
  .text              ro code  0x00000ef8    0x40  xfail_s.o [3]
  .text              ro code  0x00000f38    0x36  strlen.o [5]
  .text              ro code  0x00000f6e     0x2  cstartup_M.o [1]
  .text              ro code  0x00000f70    0x58  memchr.o [5]
  .text              ro code  0x00000fc8   0x22e  I64DivMod.o [5]
  .text              ro code  0x000011f6     0x2  cstartup_M.o [1]
  .text              ro code  0x000011f8   0x1a2  DblMul.o [4]
  .text              ro code  0x0000139a     0x2  cstartup_M.o [1]
  .text              ro code  0x0000139c    0x76  ABImemcpy_unaligned.o [5]
  .text              ro code  0x00001412     0x2  cstartup_M.o [1]
  .text              ro code  0x00001414    0x70  frexp.o [4]
  .text              ro code  0x00001484    0x2e  DblCmpLe.o [4]
  .text              ro code  0x000014b2     0x2  cstartup_M.o [1]
  .text              ro code  0x000014b4    0x2e  DblCmpGe.o [4]
  .text              ro code  0x000014e2     0x2  cstartup_M.o [1]
  .text              ro code  0x000014e4   0x13a  ldexp.o [4]
  .text              ro code  0x0000161e     0x2  cstartup_M.o [1]
  .text              ro code  0x00001620    0x3a  DblToS32.o [4]
  .text              ro code  0x0000165a     0x2  cstartup_M.o [1]
  .text              ro code  0x0000165c    0x22  S32ToDbl.o [4]
  .text              ro code  0x00001680    0xe2  DblSub.o [4]
  .text              ro code  0x00001764   0x246  DblDiv.o [4]
  .text              ro code  0x000019ac    0x28  DblToU32.o [4]
  .text              ro code  0x000019d4    0x1a  U32ToDbl.o [4]
  .text              ro code  0x000019ee     0x6  abort.o [3]
  .text              ro code  0x000019f4     0x2  I64DivZer.o [5]
  .text              ro code  0x000019f8   0x168  DblAdd.o [4]
  .text              ro code  0x00001b60    0x14  exit.o [6]
  .text              ro code  0x00001b74    0x7c  iarttio.o [6]
  .text              ro code  0x00001bf0    0x3c  XShttio.o [3]
  .text              ro code  0x00001c2c   0x35c  pulseSensor.o [1]
  .text              ro code  0x00001f88    0x28  printf.o [3]
  .text              ro code  0x00001fb0    0xa4  timer.o [1]
  .text              ro code  0x00002054    0x40  zero_init3.o [5]
  .text              ro code  0x00002094    0x2c  copy_init3.o [5]
  .text              ro code  0x000020c0    0x28  data_init.o [5]
  .text              ro code  0x000020e8    0x22  fpinit_M.o [4]
  .text              ro code  0x0000210a    0x22  iarwrite.o [6]
  .iar.init_table    const    0x0000212c    0x24  - Linker created -
  .text              ro code  0x00002150    0x20  putchar.o [3]
  .text              ro code  0x00002170    0x10  write.o [6]
  .text              ro code  0x00002180    0x1e  dwrite.o [6]
  .text              ro code  0x0000219e    0x20  iarwstd.o [6]
  .text              ro code  0x000021c0    0x1e  cmain.o [5]
  .text              ro code  0x000021de     0x4  low_level_init.o [3]
  .text              ro code  0x000021e2    0x10  main.o [1]
  .text              ro code  0x000021f2     0x4  exit.o [3]
  .text              ro code  0x000021f8     0xa  cexit.o [5]
  .text              ro code  0x00002202    0x16  xprout.o [3]
  .text              ro code  0x00002218    0x10  cstartup_M.o [1]
  .rodata            const    0x00002228     0xc  pulseSensor.o [1]
  Initializer bytes  const    0x00002234     0x8  <for P2-1>
  .rodata            const    0x0000223c     0x0  zero_init3.o [5]
  .rodata            const    0x0000223c     0x0  copy_init3.o [5]
                            - 0x0000223c  0x2180

"P2", part 1 of 3:                           0x8
  P2-1                        0x20000000     0x8  <Init block>
    .data            inited   0x20000000     0x8  XShttio.o [3]
                            - 0x20000008     0x8

"P2", part 2 of 3:                          0x68
  .bss               zero     0x20000008    0x28  pulseSensor.o [1]
  .bss               zero     0x20000030     0x4  pulseSensor.o [1]
  .bss               zero     0x20000034     0x4  pulseSensor.o [1]
  .bss               zero     0x20000038     0x4  pulseSensor.o [1]
  .bss               zero     0x2000003c     0x4  pulseSensor.o [1]
  .bss               zero     0x20000040     0x4  pulseSensor.o [1]
  .bss               zero     0x20000044     0x4  pulseSensor.o [1]
  .bss               zero     0x20000048     0x4  pulseSensor.o [1]
  .bss               zero     0x2000004c     0x4  pulseSensor.o [1]
  .bss               zero     0x20000050     0x4  pulseSensor.o [1]
  .bss               zero     0x20000054     0x4  pulseSensor.o [1]
  .bss               zero     0x20000058     0x4  pulseSensor.o [1]
  .bss               zero     0x2000005c     0x4  pulseSensor.o [1]
  .bss               zero     0x20000060     0x4  pulseSensor.o [1]
  .bss               zero     0x20000064     0x4  pulseSensor.o [1]
  .bss               zero     0x20000068     0x4  xfail_s.o [3]
  .bss               zero     0x2000006c     0x1  XShttio.o [3]
                            - 0x2000006d    0x65

"P2", part 3 of 3:                        0x1000
  CSTACK                      0x20000070  0x1000  <Block>
    CSTACK           uninit   0x20000070  0x1000  <Block tail>
                            - 0x20001070  0x1000


*******************************************************************************
*** INIT TABLE
***

          Address     Size
          -------     ----
Zero (__iar_zero_init3)
    1 destination range, total size 0x65:
          0x20000008  0x65

Copy (__iar_copy_init3)
    1 source range, total size 0x8:
          0x00002234   0x8
    1 destination range, total size 0x8:
          0x20000000   0x8



*******************************************************************************
*** MODULE SUMMARY
***

    Module                 ro code  ro data  rw data
    ------                 -------  -------  -------
C:\Users\thaol\capstoneLVAD2\capstoneLVAD\PulseSensor\pulseSensor_IAR\Debug\Obj: [1]
    cstartup_M.o                36      188
    main.o                      16
    pulseSensor.o              860       12       96
    timer.o                    164
    ------------------------------------------------
    Total:                   1 076      200       96

command line: [2]
    ------------------------------------------------
    Total:

dl7M_tln.a: [3]
    XShttio.o                   60        8        9
    abort.o                      6
    exit.o                       4
    low_level_init.o             4
    printf.o                    40
    putchar.o                   32
    xfail_s.o                   64                 4
    xprintffull_nomb.o       3 618
    xprout.o                    22
    ------------------------------------------------
    Total:                   3 850        8       13

m7M_tls.a: [4]
    DblAdd.o                   360
    DblCmpGe.o                  46
    DblCmpLe.o                  46
    DblDiv.o                   582
    DblMul.o                   418
    DblSub.o                   226
    DblToS32.o                  58
    DblToU32.o                  40
    S32ToDbl.o                  34
    U32ToDbl.o                  26
    fpinit_M.o                  34
    frexp.o                    112
    ldexp.o                    314
    ------------------------------------------------
    Total:                   2 296

rt7M_tl.a: [5]
    ABImemcpy_unaligned.o      118
    I64DivMod.o                558
    I64DivZer.o                  2
    cexit.o                     10
    cmain.o                     30
    copy_init3.o                44
    data_init.o                 40
    memchr.o                    88
    strchr.o                    22
    strlen.o                    54
    zero_init3.o                64
    ------------------------------------------------
    Total:                   1 030

shb_l.a: [6]
    dwrite.o                    30
    exit.o                      20
    iarttio.o                  124
    iarwrite.o                  34
    iarwstd.o                   32
    write.o                     16
    ------------------------------------------------
    Total:                     256

    Gaps                        12
    Linker created                       36    4 096
----------------------------------------------------
    Grand Total:             8 520      244    4 205


*******************************************************************************
*** ENTRY LIST
***

Entry                      Address   Size  Type      Object
-----                      -------   ----  ----      ------
.iar.init_table$$Base   0x0000212c          --   Gb  - Linker created -
.iar.init_table$$Limit  0x00002150          --   Gb  - Linker created -
?main                   0x000021c1         Code  Gb  cmain.o [5]
ADC0_Handler            0x00001d49  0x1ce  Code  Gb  pulseSensor.o [1]
ADC_Init                0x00001c2d   0xb0  Code  Gb  pulseSensor.o [1]
BPM                     0x20000030    0x4  Data  Gb  pulseSensor.o [1]
CSTACK$$Base            0x20000070          --   Gb  - Linker created -
CSTACK$$Limit           0x20001070          --   Gb  - Linker created -
IBI                     0x20000038    0x4  Data  Gb  pulseSensor.o [1]
LoadInt                 0x0000026f   0x7a  Code  Lc  xprintffull_nomb.o [3]
P                       0x20000054    0x4  Data  Gb  pulseSensor.o [1]
Pulse                   0x2000003c    0x4  Data  Gb  pulseSensor.o [1]
QS                      0x20000040    0x4  Data  Gb  pulseSensor.o [1]
Region$$Table$$Base     0x0000212c          --   Gb  - Linker created -
Region$$Table$$Limit    0x00002150          --   Gb  - Linker created -
Signal                  0x20000034    0x4  Data  Gb  pulseSensor.o [1]
T                       0x20000058    0x4  Data  Gb  pulseSensor.o [1]
Timer0_Init             0x00001fcb   0x64  Code  Gb  timer.o [1]
Timer_Handler           0x00001fb1   0x1a  Code  Gb  timer.o [1]
_GenldFullNoMb          0x00000bdd  0x274  Code  Lc  xprintffull_nomb.o [3]
_LdtobFullNoMb          0x000007b1  0x3fe  Code  Lc  xprintffull_nomb.o [3]
_LitobFullNoMb          0x00000659  0x112  Code  Lc  xprintffull_nomb.o [3]
_PrintfFullNoMb         0x000000bd  0x1a4  Code  Gb  xprintffull_nomb.o [3]
_Prout                  0x00002203   0x16  Code  Gb  xprout.o [3]
_PutcharsFullNoMb       0x00000e51   0x2e  Code  Lc  xprintffull_nomb.o [3]
_PutfldFullNoMb         0x000002e9  0x264  Code  Lc  xprintffull_nomb.o [3]
_PuttxtFullNoMb         0x0000054d  0x10c  Code  Lc  xprintffull_nomb.o [3]
__aeabi_cdcmple         0x00001485         Code  Gb  DblCmpLe.o [4]
__aeabi_cdrcmple        0x000014b5         Code  Gb  DblCmpGe.o [4]
__aeabi_d2iz            0x00001621         Code  Gb  DblToS32.o [4]
__aeabi_d2uiz           0x000019ad         Code  Gb  DblToU32.o [4]
__aeabi_ddiv            0x00001765         Code  Gb  DblDiv.o [4]
__aeabi_dmul            0x000011f9         Code  Gb  DblMul.o [4]
__aeabi_dsub            0x00001681         Code  Gb  DblSub.o [4]
__aeabi_i2d             0x0000165d         Code  Gb  S32ToDbl.o [4]
__aeabi_ldiv0           0x000019f5         Code  Gb  I64DivZer.o [5]
__aeabi_ui2d            0x000019d5         Code  Gb  U32ToDbl.o [4]
__aeabi_uldivmod        0x00000fc9         Code  Gb  I64DivMod.o [5]
__cmain                 0x000021c1         Code  Gb  cmain.o [5]
__dwrite                0x00002181   0x1e  Code  Gb  dwrite.o [6]
__exit                  0x00001b61   0x14  Code  Gb  exit.o [6]
__iar_Fail_s            0x00000ef9   0x1c  Code  Gb  xfail_s.o [3]
__iar_Memchr            0x00000f71         Code  Gb  memchr.o [5]
__iar_Strchr            0x00000ee1         Code  Gb  strchr.o [5]
__iar_close_ttio        0x00001b75   0x2c  Code  Gb  iarttio.o [6]
__iar_copy_init3        0x00002095   0x2c  Code  Gb  copy_init3.o [5]
__iar_dadd              0x00001691         Code  Gb  DblSub.o [4]
__iar_data_init3        0x000020c1   0x28  Code  Gb  data_init.o [5]
__iar_dsub              0x000019f9         Code  Gb  DblAdd.o [4]
__iar_dsubStart         0x00001a0b         Code  Gb  DblAdd.o [4]
__iar_frexp             0x00001421         Code  Gb  frexp.o [4]
__iar_frexpl            0x00001421         Code  Gb  frexp.o [4]
__iar_get_ttio          0x00001ba1   0x4c  Code  Gb  iarttio.o [6]
__iar_init_vfp          0x000020e9         Code  Gb  fpinit_M.o [4]
__iar_ldexp64           0x000014e5         Code  Gb  ldexp.o [4]
__iar_lookup_ttioh      0x00001c1f    0x4  Code  Gb  XShttio.o [3]
__iar_program_start     0x00002219   0x10  Code  Gb  cstartup_M.o [1]
__iar_scalbln64         0x000014e5         Code  Gb  ldexp.o [4]
__iar_scalbn64          0x000014e5         Code  Gb  ldexp.o [4]
__iar_sh_stdout         0x0000219f   0x20  Code  Gb  iarwstd.o [6]
__iar_sh_write          0x0000210b   0x22  Code  Gb  iarwrite.o [6]
__iar_softfp___iar_frexp64
                        0x00001415         Code  Gb  frexp.o [4]
__iar_softfp_frexp      0x00001415         Code  Gb  frexp.o [4]
__iar_softfp_frexpl     0x00001415         Code  Gb  frexp.o [4]
__iar_systems$$module {Abs}
                        0x00000001         Data  Gb  command line/config [2]
__iar_ttio_guard_lock   0x00001bf1   0x1e  Code  Gb  XShttio.o [3]
__iar_ttio_guard_unlock
                        0x00001c0f   0x10  Code  Gb  XShttio.o [3]
__iar_ttio_handles      0x20000000    0x8  Data  Lc  XShttio.o [3]
__iar_unaligned_memcpy  0x0000139d         Code  Gb  ABImemcpy_unaligned.o [5]
__iar_unaligned_memcpy4
                        0x000013bd         Code  Gb  ABImemcpy_unaligned.o [5]
__iar_unaligned_memcpy8
                        0x000013bd         Code  Gb  ABImemcpy_unaligned.o [5]
__iar_zero_init3        0x00002055   0x40  Code  Gb  zero_init3.o [5]
__low_level_init        0x000021df    0x4  Code  Gb  low_level_init.o [3]
__vector_table          0x00000000   0xbc  Data  Gb  cstartup_M.o [1]
__write                 0x00002171   0x10  Code  Gb  write.o [6]
_call_main              0x000021cd         Code  Gb  cmain.o [5]
_exit                   0x000021f9         Code  Gb  cexit.o [5]
_main                   0x000021db         Code  Gb  cmain.o [5]
abort                   0x000019ef    0x6  Code  Gb  abort.o [3]
amp                     0x20000048    0x4  Data  Gb  pulseSensor.o [1]
exit                    0x000021f3    0x4  Code  Gb  exit.o [3]
firstBeat               0x20000060    0x4  Data  Gb  pulseSensor.o [1]
lastBeatTime            0x2000004c    0x4  Data  Gb  pulseSensor.o [1]
ldexp                   0x000014e5         Code  Gb  ldexp.o [4]
ldexpl                  0x000014e5         Code  Gb  ldexp.o [4]
main                    0x000021e3   0x10  Code  Gb  main.o [1]
memchr                  0x00000f71         Code  Gb  memchr.o [5]
printf                  0x00001f89   0x28  Code  Gb  printf.o [3]
pulseSensor_Init        0x00001cdd   0x6c  Code  Gb  pulseSensor.o [1]
putchar                 0x00002151   0x20  Code  Gb  putchar.o [3]
rate                    0x20000008   0x28  Data  Gb  pulseSensor.o [1]
sampleCounter           0x20000050    0x4  Data  Gb  pulseSensor.o [1]
scalbln                 0x000014e5         Code  Gb  ldexp.o [4]
scalblnl                0x000014e5         Code  Gb  ldexp.o [4]
scalbn                  0x000014e5         Code  Gb  ldexp.o [4]
scalbnl                 0x000014e5         Code  Gb  ldexp.o [4]
scale                   0x0000076b   0x46  Code  Lc  xprintffull_nomb.o [3]
sec_hand                0x20000068    0x4  Data  Lc  xfail_s.o [3]
secondBeat              0x20000064    0x4  Data  Gb  pulseSensor.o [1]
strchr                  0x00000ee1         Code  Gb  strchr.o [5]
strlen                  0x00000f39         Code  Gb  strlen.o [5]
thresh                  0x2000005c    0x4  Data  Gb  pulseSensor.o [1]
threshSetting           0x20000044    0x4  Data  Gb  pulseSensor.o [1]
ttio_guard              0x2000006c    0x1  Data  Lc  XShttio.o [3]


[1] = C:\Users\thaol\capstoneLVAD2\capstoneLVAD\PulseSensor\pulseSensor_IAR\Debug\Obj
[2] = command line
[3] = dl7M_tln.a
[4] = m7M_tls.a
[5] = rt7M_tl.a
[6] = shb_l.a

  8 520 bytes of readonly  code memory
    244 bytes of readonly  data memory
  4 205 bytes of readwrite data memory

Errors: none
Warnings: none
